============================= test session starts =============================
platform win32 -- Python 3.13.0, pytest-9.0.2, pluggy-1.6.0 -- C:\Users\Chris\AppData\Local\Programs\Python\Python313\python.exe
cachedir: .pytest_cache
rootdir: C:\Users\Chris\OneDrive\Documents\POEI\exam_agentic\AgenticDataAnalysis-Exam
configfile: pytest.ini
plugins: anyio-4.9.0, langsmith-0.7.30, cov-7.1.0
collecting ... collected 64 items

backend/tests/test_agent_integration.py::TestPersistanceSessionAPI::test_creer_session_et_recuperer PASSED [  1%]
backend/tests/test_agent_integration.py::TestPersistanceSessionAPI::test_historique_messages_persiste PASSED [  3%]
backend/tests/test_agent_integration.py::TestPersistanceSessionAPI::test_visualisations_persistees PASSED [  4%]
backend/tests/test_agent_integration.py::TestPersistanceSessionAPI::test_simulation_redemarrage_via_api PASSED [  6%]
backend/tests/test_agent_integration.py::TestWorkflowComplet::test_workflow_session_complete PASSED [  7%]
backend/tests/test_agent_integration.py::TestWorkflowComplet::test_multiple_sessions_independantes PASSED [  9%]
backend/tests/test_api.py::TestHealth::test_health_check PASSED          [ 10%]
backend/tests/test_api.py::TestHealth::test_metrics PASSED               [ 12%]
backend/tests/test_api.py::TestSessions::test_creer_session PASSED       [ 14%]
backend/tests/test_api.py::TestSessions::test_creer_session_sans_auth PASSED [ 15%]
backend/tests/test_api.py::TestSessions::test_lister_sessions PASSED     [ 17%]
backend/tests/test_api.py::TestSessions::test_obtenir_session PASSED     [ 18%]
backend/tests/test_api.py::TestSessions::test_obtenir_session_inexistante PASSED [ 20%]
backend/tests/test_api.py::TestSessions::test_supprimer_session PASSED   [ 21%]
backend/tests/test_api.py::TestIsolationDonnees::test_utilisateur_ne_voit_pas_sessions_autre PASSED [ 23%]
backend/tests/test_api.py::TestIsolationDonnees::test_utilisateur_ne_peut_pas_acceder_session_autre PASSED [ 25%]
backend/tests/test_api.py::TestIsolationDonnees::test_acces_non_autorise_retourne_401 PASSED [ 26%]
backend/tests/test_auth.py::TestHachageMdp::test_hachage_produit_hash_different PASSED [ 28%]
backend/tests/test_auth.py::TestHachageMdp::test_verification_correcte PASSED [ 29%]
backend/tests/test_auth.py::TestHachageMdp::test_verification_incorrecte PASSED [ 31%]
backend/tests/test_auth.py::TestHachageMdp::test_hash_unique PASSED      [ 32%]
backend/tests/test_auth.py::TestTokenJWT::test_creation_token PASSED     [ 34%]
backend/tests/test_auth.py::TestTokenJWT::test_payload_token PASSED      [ 35%]
backend/tests/test_auth.py::TestTokenJWT::test_token_invalide PASSED     [ 37%]
backend/tests/test_auth.py::TestEndpointsAuth::test_inscription_reussie PASSED [ 39%]
backend/tests/test_auth.py::TestEndpointsAuth::test_inscription_email_duplique PASSED [ 40%]
backend/tests/test_auth.py::TestEndpointsAuth::test_connexion_reussie PASSED [ 42%]
backend/tests/test_auth.py::TestEndpointsAuth::test_connexion_mauvais_mdp PASSED [ 43%]
backend/tests/test_auth.py::TestEndpointsAuth::test_connexion_email_inexistant PASSED [ 45%]
backend/tests/test_auth.py::TestEndpointsAuth::test_profil_authentifie PASSED [ 46%]
backend/tests/test_auth.py::TestEndpointsAuth::test_profil_sans_token PASSED [ 48%]
backend/tests/test_auth.py::TestEndpointsAuth::test_profil_token_invalide PASSED [ 50%]
backend/tests/test_persistence.py::TestPersistanceSession::test_creer_session_en_base PASSED [ 51%]
backend/tests/test_persistence.py::TestPersistanceSession::test_persistance_messages PASSED [ 53%]
backend/tests/test_persistence.py::TestPersistanceSession::test_persistance_visualisations PASSED [ 54%]
backend/tests/test_persistence.py::TestPersistanceSession::test_suppression_cascade_session PASSED [ 56%]
backend/tests/test_persistence.py::TestPersistanceSession::test_persistance_dataset PASSED [ 57%]
backend/tests/test_persistence.py::TestIsolationDonneesBD::test_sessions_isolees_par_utilisateur PASSED [ 59%]
backend/tests/test_persistence.py::TestIsolationDonneesBD::test_datasets_isoles_par_utilisateur PASSED [ 60%]
backend/tests/test_persistence.py::TestSimulationRedemarrage::test_messages_survivent_redemarrage PASSED [ 62%]
backend/tests/test_persistence.py::TestSimulationRedemarrage::test_visualisations_survivent_redemarrage PASSED [ 64%]
backend/tests/test_security.py::TestVerificationCode::test_code_python_normal_accepte PASSED [ 65%]
backend/tests/test_security.py::TestVerificationCode::test_import_os_bloque PASSED [ 67%]
backend/tests/test_security.py::TestVerificationCode::test_import_subprocess_bloque PASSED [ 68%]
backend/tests/test_security.py::TestVerificationCode::test_from_os_import_bloque PASSED [ 70%]
backend/tests/test_security.py::TestVerificationCode::test_dunder_import_bloque PASSED [ 71%]
backend/tests/test_security.py::TestVerificationCode::test_open_bloque PASSED [ 73%]
backend/tests/test_security.py::TestVerificationCode::test_exec_imbrique_bloque PASSED [ 75%]
backend/tests/test_security.py::TestVerificationCode::test_eval_bloque PASSED [ 76%]
backend/tests/test_security.py::TestVerificationCode::test_import_requests_bloque PASSED [ 78%]
backend/tests/test_security.py::TestVerificationCode::test_import_socket_bloque PASSED [ 79%]
backend/tests/test_security.py::TestExecutionSandbox::test_execution_simple PASSED [ 81%]
backend/tests/test_security.py::TestExecutionSandbox::test_execution_pandas PASSED [ 82%]
backend/tests/test_security.py::TestExecutionSandbox::test_execution_numpy PASSED [ 84%]
backend/tests/test_security.py::TestExecutionSandbox::test_execution_plotly PASSED [ 85%]
backend/tests/test_security.py::TestExecutionSandbox::test_code_malveillant_os_bloque PASSED [ 87%]
backend/tests/test_security.py::TestExecutionSandbox::test_code_malveillant_subprocess_bloque PASSED [ 89%]
backend/tests/test_security.py::TestExecutionSandbox::test_code_malveillant_lecture_fichier_bloque PASSED [ 90%]
backend/tests/test_security.py::TestExecutionSandbox::test_variables_persistantes PASSED [ 92%]
backend/tests/test_security.py::TestExecutionSandbox::test_datasets_injectes PASSED [ 93%]
backend/tests/test_security.py::TestExecutionSandbox::test_erreur_runtime_capturee PASSED [ 95%]
backend/tests/test_security.py::TestSecuriteAPI::test_injection_sql_bloquee PASSED [ 96%]
backend/tests/test_security.py::TestSecuriteAPI::test_token_expire_refuse PASSED [ 98%]
backend/tests/test_security.py::TestSecuriteAPI::test_pas_de_secrets_dans_erreurs PASSED [100%]

============================== warnings summary ===============================
..\..\..\..\..\AppData\Local\Programs\Python\Python313\Lib\site-packages\pydantic\_internal\_config.py:323
..\..\..\..\..\AppData\Local\Programs\Python\Python313\Lib\site-packages\pydantic\_internal\_config.py:323
..\..\..\..\..\AppData\Local\Programs\Python\Python313\Lib\site-packages\pydantic\_internal\_config.py:323
..\..\..\..\..\AppData\Local\Programs\Python\Python313\Lib\site-packages\pydantic\_internal\_config.py:323
..\..\..\..\..\AppData\Local\Programs\Python\Python313\Lib\site-packages\pydantic\_internal\_config.py:323
..\..\..\..\..\AppData\Local\Programs\Python\Python313\Lib\site-packages\pydantic\_internal\_config.py:323
  C:\Users\Chris\AppData\Local\Programs\Python\Python313\Lib\site-packages\pydantic\_internal\_config.py:323: PydanticDeprecatedSince20: Support for class-based `config` is deprecated, use ConfigDict instead. Deprecated in Pydantic V2.0 to be removed in V3.0. See Pydantic V2 Migration Guide at https://errors.pydantic.dev/2.11/migration/
    warnings.warn(DEPRECATION_MESSAGE, DeprecationWarning)

backend\api\main.py:99
  C:\Users\Chris\OneDrive\Documents\POEI\exam_agentic\AgenticDataAnalysis-Exam\backend\api\main.py:99: DeprecationWarning: 
          on_event is deprecated, use lifespan event handlers instead.
  
          Read more about it in the
          [FastAPI docs for Lifespan Events](https://fastapi.tiangolo.com/advanced/events/).
          
    @app.on_event("startup")

..\..\..\..\..\AppData\Local\Programs\Python\Python313\Lib\site-packages\fastapi\applications.py:4573
  C:\Users\Chris\AppData\Local\Programs\Python\Python313\Lib\site-packages\fastapi\applications.py:4573: DeprecationWarning: 
          on_event is deprecated, use lifespan event handlers instead.
  
          Read more about it in the
          [FastAPI docs for Lifespan Events](https://fastapi.tiangolo.com/advanced/events/).
          
    return self.router.on_event(event_type)

backend/tests/test_agent_integration.py: 6 warnings
backend/tests/test_api.py: 9 warnings
backend/tests/test_auth.py: 6 warnings
backend/tests/test_security.py: 1 warning
  C:\Users\Chris\OneDrive\Documents\POEI\exam_agentic\AgenticDataAnalysis-Exam\backend\api\auth.py:36: DeprecationWarning: datetime.datetime.utcnow() is deprecated and scheduled for removal in a future version. Use timezone-aware objects to represent datetimes in UTC: datetime.datetime.now(datetime.UTC).
    expiration = datetime.utcnow() + timedelta(minutes=settings.duree_expiration_token)

-- Docs: https://docs.pytest.org/en/stable/how-to/capture-warnings.html
=============================== tests coverage ================================
_______________ coverage: platform win32, python 3.13.0-final-0 _______________

Name                                      Stmts   Miss  Cover
-------------------------------------------------------------
backend\__init__.py                           0      0   100%
backend\agents\__init__.py                    0      0   100%
backend\agents\agent_manager.py              39     31    21%
backend\agents\nodes.py                      65     45    31%
backend\agents\state.py                       9      0   100%
backend\agents\tools.py                      32     20    38%
backend\api\__init__.py                       0      0   100%
backend\api\auth.py                          42      0   100%
backend\api\dependencies.py                  26      4    85%
backend\api\main.py                          64      9    86%
backend\api\routes.py                       121     61    50%
backend\config.py                            20      0   100%
backend\db\__init__.py                        0      0   100%
backend\db\database.py                       24      6    75%
backend\db\models.py                         60      0   100%
backend\db\schemas.py                        74      0   100%
backend\security\__init__.py                  0      0   100%
backend\security\code_sandbox.py             76      6    92%
backend\tasks\__init__.py                     0      0   100%
backend\tasks\celery_app.py                  33     33     0%
backend\tests\__init__.py                     0      0   100%
backend\tests\conftest.py                    47      0   100%
backend\tests\test_agent_integration.py      85      0   100%
backend\tests\test_api.py                    65      0   100%
backend\tests\test_auth.py                   67      0   100%
backend\tests\test_persistence.py           118      0   100%
backend\tests\test_security.py               88      0   100%
-------------------------------------------------------------
TOTAL                                      1155    215    81%
Coverage HTML written to dir htmlcov
====================== 64 passed, 30 warnings in 41.66s =======================
